// Jest Snapshot v1, https://goo.gl/fbAQLP

exports[`Snapshot component Planner 1`] = `
<div
  className="sc-bdVaJa gHLIV"
/>
`;
